nohup: ignoring input
2026-08-25 12:47:00,460 INFO sqlalchemy.engine.Engine BEGIN (implicit)
INFO:sqlalchemy.engine.Engine:BEGIN (implicit)
2026-08-25 12:47:00,460 INFO sqlalchemy.engine.Engine PRAGMA main.table_info("users")
INFO:sqlalchemy.engine.Engine:PRAGMA main.table_info("users")
2026-08-25 12:47:00,460 INFO sqlalchemy.engine.Engine [raw sql] ()
INFO:sqlalchemy.engine.Engine:[raw sql] ()
2026-08-25 12:47:00,461 INFO sqlalchemy.engine.Engine PRAGMA main.table_info("categories")
INFO:sqlalchemy.engine.Engine:PRAGMA main.table_info("categories")
2026-08-25 12:47:00,461 INFO sqlalchemy.engine.Engine [raw sql] ()
INFO:sqlalchemy.engine.Engine:[raw sql] ()
2026-08-25 12:47:00,461 INFO sqlalchemy.engine.Engine PRAGMA main.table_info("products")
INFO:sqlalchemy.engine.Engine:PRAGMA main.table_info("products")
2026-08-25 12:47:00,461 INFO sqlalchemy.engine.Engine [raw sql] ()
INFO:sqlalchemy.engine.Engine:[raw sql] ()
2026-08-25 12:47:00,461 INFO sqlalchemy.engine.Engine PRAGMA main.table_info("cart_items")
INFO:sqlalchemy.engine.Engine:PRAGMA main.table_info("cart_items")
2026-08-25 12:47:00,461 INFO sqlalchemy.engine.Engine [raw sql] ()
INFO:sqlalchemy.engine.Engine:[raw sql] ()
2026-08-25 12:47:00,462 INFO sqlalchemy.engine.Engine PRAGMA main.table_info("carts")
INFO:sqlalchemy.engine.Engine:PRAGMA main.table_info("carts")
2026-08-25 12:47:00,462 INFO sqlalchemy.engine.Engine [raw sql] ()
INFO:sqlalchemy.engine.Engine:[raw sql] ()
2026-08-25 12:47:00,462 INFO sqlalchemy.engine.Engine PRAGMA main.table_info("orders")
INFO:sqlalchemy.engine.Engine:PRAGMA main.table_info("orders")
2026-08-25 12:47:00,462 INFO sqlalchemy.engine.Engine [raw sql] ()
INFO:sqlalchemy.engine.Engine:[raw sql] ()
2026-08-25 12:47:00,462 INFO sqlalchemy.engine.Engine PRAGMA main.table_info("order_items")
INFO:sqlalchemy.engine.Engine:PRAGMA main.table_info("order_items")
2026-08-25 12:47:00,462 INFO sqlalchemy.engine.Engine [raw sql] ()
INFO:sqlalchemy.engine.Engine:[raw sql] ()
2026-08-25 12:47:00,462 INFO sqlalchemy.engine.Engine COMMIT
INFO:sqlalchemy.engine.Engine:COMMIT
2026-08-25 12:47:00,463 INFO sqlalchemy.engine.Engine BEGIN (implicit)
INFO:sqlalchemy.engine.Engine:BEGIN (implicit)
2026-08-25 12:47:00,470 INFO sqlalchemy.engine.Engine SELECT categories.id, categories.name 
FROM categories
INFO:sqlalchemy.engine.Engine:SELECT categories.id, categories.name 
FROM categories
2026-08-25 12:47:00,470 INFO sqlalchemy.engine.Engine [generated in 0.00009s] ()
INFO:sqlalchemy.engine.Engine:[generated in 0.00009s] ()
2026-08-25 12:47:00,471 INFO sqlalchemy.engine.Engine ROLLBACK
INFO:sqlalchemy.engine.Engine:ROLLBACK
2026-08-25 12:47:00,471 INFO sqlalchemy.engine.Engine BEGIN (implicit)
INFO:sqlalchemy.engine.Engine:BEGIN (implicit)
2026-08-25 12:47:00,472 INFO sqlalchemy.engine.Engine SELECT products.id, products.name, products.description, products.price, products.quantity, products.category_id, products.image, products.is_active, products.created_at 
FROM products
INFO:sqlalchemy.engine.Engine:SELECT products.id, products.name, products.description, products.price, products.quantity, products.category_id, products.image, products.is_active, products.created_at 
FROM products
2026-08-25 12:47:00,472 INFO sqlalchemy.engine.Engine [generated in 0.00009s] ()
INFO:sqlalchemy.engine.Engine:[generated in 0.00009s] ()
2026-08-25 12:47:00,472 INFO sqlalchemy.engine.Engine ROLLBACK
INFO:sqlalchemy.engine.Engine:ROLLBACK
Bot ishga tushdi...
INFO:aiogram.dispatcher:Start polling
INFO:aiogram.dispatcher:Run polling for bot @Yusufbek2008_bot id=8556213613 - 'Yusufbek'
ERROR:aiogram.dispatcher:Failed to fetch updates - TelegramConflictError: Telegram server says - Conflict: terminated by other getUpdates request; make sure that only one bot instance is running
WARNING:aiogram.dispatcher:Sleep for 1.000000 seconds and try again... (tryings = 0, bot id = 8556213613)
ERROR:aiogram.dispatcher:Failed to fetch updates - TelegramConflictError: Telegram server says - Conflict: terminated by other getUpdates request; make sure that only one bot instance is running
WARNING:aiogram.dispatcher:Sleep for 1.232395 seconds and try again... (tryings = 1, bot id = 8556213613)
ERROR:aiogram.dispatcher:Failed to fetch updates - TelegramConflictError: Telegram server says - Conflict: terminated by other getUpdates request; make sure that only one bot instance is running
WARNING:aiogram.dispatcher:Sleep for 1.649354 seconds and try again... (tryings = 2, bot id = 8556213613)
ERROR:aiogram.dispatcher:Failed to fetch updates - TelegramConflictError: Telegram server says - Conflict: terminated by other getUpdates request; make sure that only one bot instance is running
WARNING:aiogram.dispatcher:Sleep for 2.134186 seconds and try again... (tryings = 3, bot id = 8556213613)
ERROR:aiogram.dispatcher:Failed to fetch updates - TelegramConflictError: Telegram server says - Conflict: terminated by other getUpdates request; make sure that only one bot instance is running
WARNING:aiogram.dispatcher:Sleep for 2.537891 seconds and try again... (tryings = 4, bot id = 8556213613)
ERROR:aiogram.dispatcher:Failed to fetch updates - TelegramConflictError: Telegram server says - Conflict: terminated by other getUpdates request; make sure that only one bot instance is running
WARNING:aiogram.dispatcher:Sleep for 3.146486 seconds and try again... (tryings = 5, bot id = 8556213613)
ERROR:aiogram.dispatcher:Failed to fetch updates - TelegramConflictError: Telegram server says - Conflict: terminated by other getUpdates request; make sure that only one bot instance is running
WARNING:aiogram.dispatcher:Sleep for 4.102729 seconds and try again... (tryings = 6, bot id = 8556213613)
ERROR:aiogram.dispatcher:Failed to fetch updates - TelegramConflictError: Telegram server says - Conflict: terminated by other getUpdates request; make sure that only one bot instance is running
WARNING:aiogram.dispatcher:Sleep for 5.109104 seconds and try again... (tryings = 7, bot id = 8556213613)
ERROR:aiogram.dispatcher:Failed to fetch updates - TelegramConflictError: Telegram server says - Conflict: terminated by other getUpdates request; make sure that only one bot instance is running
WARNING:aiogram.dispatcher:Sleep for 4.894212 seconds and try again... (tryings = 8, bot id = 8556213613)
ERROR:aiogram.dispatcher:Failed to fetch updates - TelegramConflictError: Telegram server says - Conflict: terminated by other getUpdates request; make sure that only one bot instance is running
WARNING:aiogram.dispatcher:Sleep for 4.934693 seconds and try again... (tryings = 9, bot id = 8556213613)
ERROR:aiogram.dispatcher:Failed to fetch updates - TelegramConflictError: Telegram server says - Conflict: terminated by other getUpdates request; make sure that only one bot instance is running
WARNING:aiogram.dispatcher:Sleep for 4.993839 seconds and try again... (tryings = 10, bot id = 8556213613)
ERROR:aiogram.dispatcher:Failed to fetch updates - TelegramConflictError: Telegram server says - Conflict: terminated by other getUpdates request; make sure that only one bot instance is running
WARNING:aiogram.dispatcher:Sleep for 4.987444 seconds and try again... (tryings = 11, bot id = 8556213613)
ERROR:aiogram.dispatcher:Failed to fetch updates - TelegramConflictError: Telegram server says - Conflict: terminated by other getUpdates request; make sure that only one bot instance is running
WARNING:aiogram.dispatcher:Sleep for 5.019554 seconds and try again... (tryings = 12, bot id = 8556213613)
ERROR:aiogram.dispatcher:Failed to fetch updates - TelegramConflictError: Telegram server says - Conflict: terminated by other getUpdates request; make sure that only one bot instance is running
WARNING:aiogram.dispatcher:Sleep for 5.039935 seconds and try again... (tryings = 13, bot id = 8556213613)
ERROR:aiogram.dispatcher:Failed to fetch updates - TelegramConflictError: Telegram server says - Conflict: terminated by other getUpdates request; make sure that only one bot instance is running
WARNING:aiogram.dispatcher:Sleep for 5.003514 seconds and try again... (tryings = 14, bot id = 8556213613)
ERROR:aiogram.dispatcher:Failed to fetch updates - TelegramConflictError: Telegram server says - Conflict: terminated by other getUpdates request; make sure that only one bot instance is running
WARNING:aiogram.dispatcher:Sleep for 4.987618 seconds and try again... (tryings = 15, bot id = 8556213613)
ERROR:aiogram.dispatcher:Failed to fetch updates - TelegramConflictError: Telegram server says - Conflict: terminated by other getUpdates request; make sure that only one bot instance is running
WARNING:aiogram.dispatcher:Sleep for 4.938205 seconds and try again... (tryings = 16, bot id = 8556213613)
ERROR:aiogram.dispatcher:Failed to fetch updates - TelegramConflictError: Telegram server says - Conflict: terminated by other getUpdates request; make sure that only one bot instance is running
WARNING:aiogram.dispatcher:Sleep for 5.055556 seconds and try again... (tryings = 17, bot id = 8556213613)
ERROR:aiogram.dispatcher:Failed to fetch updates - TelegramConflictError: Telegram server says - Conflict: terminated by other getUpdates request; make sure that only one bot instance is running
WARNING:aiogram.dispatcher:Sleep for 5.072797 seconds and try again... (tryings = 18, bot id = 8556213613)
ERROR:aiogram.dispatcher:Failed to fetch updates - TelegramConflictError: Telegram server says - Conflict: terminated by other getUpdates request; make sure that only one bot instance is running
WARNING:aiogram.dispatcher:Sleep for 4.956807 seconds and try again... (tryings = 19, bot id = 8556213613)
ERROR:aiogram.dispatcher:Failed to fetch updates - TelegramConflictError: Telegram server says - Conflict: terminated by other getUpdates request; make sure that only one bot instance is running
WARNING:aiogram.dispatcher:Sleep for 4.860500 seconds and try again... (tryings = 20, bot id = 8556213613)
ERROR:aiogram.dispatcher:Failed to fetch updates - TelegramConflictError: Telegram server says - Conflict: terminated by other getUpdates request; make sure that only one bot instance is running
WARNING:aiogram.dispatcher:Sleep for 5.095385 seconds and try again... (tryings = 21, bot id = 8556213613)
ERROR:aiogram.dispatcher:Failed to fetch updates - TelegramConflictError: Telegram server says - Conflict: terminated by other getUpdates request; make sure that only one bot instance is running
WARNING:aiogram.dispatcher:Sleep for 4.942508 seconds and try again... (tryings = 22, bot id = 8556213613)
ERROR:aiogram.dispatcher:Failed to fetch updates - TelegramConflictError: Telegram server says - Conflict: terminated by other getUpdates request; make sure that only one bot instance is running
WARNING:aiogram.dispatcher:Sleep for 5.258457 seconds and try again... (tryings = 23, bot id = 8556213613)
ERROR:aiogram.dispatcher:Failed to fetch updates - TelegramConflictError: Telegram server says - Conflict: terminated by other getUpdates request; make sure that only one bot instance is running
WARNING:aiogram.dispatcher:Sleep for 5.113732 seconds and try again... (tryings = 24, bot id = 8556213613)
ERROR:aiogram.dispatcher:Failed to fetch updates - TelegramConflictError: Telegram server says - Conflict: terminated by other getUpdates request; make sure that only one bot instance is running
WARNING:aiogram.dispatcher:Sleep for 5.100284 seconds and try again... (tryings = 25, bot id = 8556213613)
ERROR:aiogram.dispatcher:Failed to fetch updates - TelegramConflictError: Telegram server says - Conflict: terminated by other getUpdates request; make sure that only one bot instance is running
WARNING:aiogram.dispatcher:Sleep for 5.009848 seconds and try again... (tryings = 26, bot id = 8556213613)
ERROR:aiogram.dispatcher:Failed to fetch updates - TelegramConflictError: Telegram server says - Conflict: terminated by other getUpdates request; make sure that only one bot instance is running
WARNING:aiogram.dispatcher:Sleep for 5.046707 seconds and try again... (tryings = 27, bot id = 8556213613)
ERROR:aiogram.dispatcher:Failed to fetch updates - TelegramConflictError: Telegram server says - Conflict: terminated by other getUpdates request; make sure that only one bot instance is running
WARNING:aiogram.dispatcher:Sleep for 5.097353 seconds and try again... (tryings = 28, bot id = 8556213613)
ERROR:aiogram.dispatcher:Failed to fetch updates - TelegramConflictError: Telegram server says - Conflict: terminated by other getUpdates request; make sure that only one bot instance is running
WARNING:aiogram.dispatcher:Sleep for 5.154233 seconds and try again... (tryings = 29, bot id = 8556213613)
ERROR:aiogram.dispatcher:Failed to fetch updates - TelegramConflictError: Telegram server says - Conflict: terminated by other getUpdates request; make sure that only one bot instance is running
WARNING:aiogram.dispatcher:Sleep for 4.974806 seconds and try again... (tryings = 30, bot id = 8556213613)
ERROR:aiogram.dispatcher:Failed to fetch updates - TelegramConflictError: Telegram server says - Conflict: terminated by other getUpdates request; make sure that only one bot instance is running
WARNING:aiogram.dispatcher:Sleep for 4.809698 seconds and try again... (tryings = 31, bot id = 8556213613)
ERROR:aiogram.dispatcher:Failed to fetch updates - TelegramConflictError: Telegram server says - Conflict: terminated by other getUpdates request; make sure that only one bot instance is running
WARNING:aiogram.dispatcher:Sleep for 5.029916 seconds and try again... (tryings = 32, bot id = 8556213613)
ERROR:aiogram.dispatcher:Failed to fetch updates - TelegramConflictError: Telegram server says - Conflict: terminated by other getUpdates request; make sure that only one bot instance is running
WARNING:aiogram.dispatcher:Sleep for 5.002067 seconds and try again... (tryings = 33, bot id = 8556213613)
ERROR:aiogram.dispatcher:Failed to fetch updates - TelegramConflictError: Telegram server says - Conflict: terminated by other getUpdates request; make sure that only one bot instance is running
WARNING:aiogram.dispatcher:Sleep for 4.963107 seconds and try again... (tryings = 34, bot id = 8556213613)
ERROR:aiogram.dispatcher:Failed to fetch updates - TelegramConflictError: Telegram server says - Conflict: terminated by other getUpdates request; make sure that only one bot instance is running
WARNING:aiogram.dispatcher:Sleep for 4.991124 seconds and try again... (tryings = 35, bot id = 8556213613)
ERROR:aiogram.dispatcher:Failed to fetch updates - TelegramConflictError: Telegram server says - Conflict: terminated by other getUpdates request; make sure that only one bot instance is running
WARNING:aiogram.dispatcher:Sleep for 4.857645 seconds and try again... (tryings = 36, bot id = 8556213613)
ERROR:aiogram.dispatcher:Failed to fetch updates - TelegramConflictError: Telegram server says - Conflict: terminated by other getUpdates request; make sure that only one bot instance is running
WARNING:aiogram.dispatcher:Sleep for 5.171797 seconds and try again... (tryings = 37, bot id = 8556213613)
ERROR:aiogram.dispatcher:Failed to fetch updates - TelegramConflictError: Telegram server says - Conflict: terminated by other getUpdates request; make sure that only one bot instance is running
WARNING:aiogram.dispatcher:Sleep for 5.046033 seconds and try again... (tryings = 38, bot id = 8556213613)
ERROR:aiogram.dispatcher:Failed to fetch updates - TelegramConflictError: Telegram server says - Conflict: terminated by other getUpdates request; make sure that only one bot instance is running
WARNING:aiogram.dispatcher:Sleep for 4.965442 seconds and try again... (tryings = 39, bot id = 8556213613)
ERROR:aiogram.dispatcher:Failed to fetch updates - TelegramConflictError: Telegram server says - Conflict: terminated by other getUpdates request; make sure that only one bot instance is running
WARNING:aiogram.dispatcher:Sleep for 5.036492 seconds and try again... (tryings = 40, bot id = 8556213613)
ERROR:aiogram.dispatcher:Failed to fetch updates - TelegramConflictError: Telegram server says - Conflict: terminated by other getUpdates request; make sure that only one bot instance is running
WARNING:aiogram.dispatcher:Sleep for 4.905274 seconds and try again... (tryings = 41, bot id = 8556213613)
ERROR:aiogram.dispatcher:Failed to fetch updates - TelegramConflictError: Telegram server says - Conflict: terminated by other getUpdates request; make sure that only one bot instance is running
WARNING:aiogram.dispatcher:Sleep for 5.123136 seconds and try again... (tryings = 42, bot id = 8556213613)
ERROR:aiogram.dispatcher:Failed to fetch updates - TelegramConflictError: Telegram server says - Conflict: terminated by other getUpdates request; make sure that only one bot instance is running
WARNING:aiogram.dispatcher:Sleep for 5.064618 seconds and try again... (tryings = 43, bot id = 8556213613)
ERROR:aiogram.dispatcher:Failed to fetch updates - TelegramConflictError: Telegram server says - Conflict: terminated by other getUpdates request; make sure that only one bot instance is running
WARNING:aiogram.dispatcher:Sleep for 4.944642 seconds and try again... (tryings = 44, bot id = 8556213613)
ERROR:aiogram.dispatcher:Failed to fetch updates - TelegramConflictError: Telegram server says - Conflict: terminated by other getUpdates request; make sure that only one bot instance is running
WARNING:aiogram.dispatcher:Sleep for 4.794202 seconds and try again... (tryings = 45, bot id = 8556213613)
ERROR:aiogram.dispatcher:Failed to fetch updates - TelegramConflictError: Telegram server says - Conflict: terminated by other getUpdates request; make sure that only one bot instance is running
WARNING:aiogram.dispatcher:Sleep for 5.098883 seconds and try again... (tryings = 46, bot id = 8556213613)
ERROR:aiogram.dispatcher:Failed to fetch updates - TelegramConflictError: Telegram server says - Conflict: terminated by other getUpdates request; make sure that only one bot instance is running
WARNING:aiogram.dispatcher:Sleep for 4.913221 seconds and try again... (tryings = 47, bot id = 8556213613)
ERROR:aiogram.dispatcher:Failed to fetch updates - TelegramConflictError: Telegram server says - Conflict: terminated by other getUpdates request; make sure that only one bot instance is running
WARNING:aiogram.dispatcher:Sleep for 5.264708 seconds and try again... (tryings = 48, bot id = 8556213613)
ERROR:aiogram.dispatcher:Failed to fetch updates - TelegramConflictError: Telegram server says - Conflict: terminated by other getUpdates request; make sure that only one bot instance is running
WARNING:aiogram.dispatcher:Sleep for 4.972936 seconds and try again... (tryings = 49, bot id = 8556213613)
ERROR:aiogram.dispatcher:Failed to fetch updates - TelegramConflictError: Telegram server says - Conflict: terminated by other getUpdates request; make sure that only one bot instance is running
WARNING:aiogram.dispatcher:Sleep for 5.077266 seconds and try again... (tryings = 50, bot id = 8556213613)
ERROR:aiogram.dispatcher:Failed to fetch updates - TelegramConflictError: Telegram server says - Conflict: terminated by other getUpdates request; make sure that only one bot instance is running
WARNING:aiogram.dispatcher:Sleep for 5.014206 seconds and try again... (tryings = 51, bot id = 8556213613)
ERROR:aiogram.dispatcher:Failed to fetch updates - TelegramConflictError: Telegram server says - Conflict: terminated by other getUpdates request; make sure that only one bot instance is running
WARNING:aiogram.dispatcher:Sleep for 5.136887 seconds and try again... (tryings = 52, bot id = 8556213613)
